// Jest Snapshot v1, https://goo.gl/fbAQLP

exports[`render all characters 1`] = `[Function]`;
