// Jest Snapshot v1, https://goo.gl/fbAQLP

exports[`Renders Loader 1`] = `[Function]`;
